2026-07-05T20:27:06.387+05:30  INFO 1792 --- [Spring Learn] [restartedMain] c.c.springlearn.SpringLearnApplication   : Starting SpringLearnApplication using Java 21.0.4 with PID 1792 (C:\Users\HP\DeepSkilling-JavaFSE-Angular-React-\Week3-SpringREST-SonarQube\spring-learn\target\classes started by HP in C:\Users\HP\DeepSkilling-JavaFSE-Angular-React-\Week3-SpringREST-SonarQube\spring-learn)
2026-07-05T20:27:06.389+05:30 DEBUG 1792 --- [Spring Learn] [restartedMain] c.c.springlearn.SpringLearnApplication   : Running with Spring Boot v4.1.0, Spring v7.0.8
2026-07-05T20:27:06.390+05:30  INFO 1792 --- [Spring Learn] [restartedMain] c.c.springlearn.SpringLearnApplication   : No active profile set, falling back to 1 default profile: "default"
2026-07-05T20:27:06.443+05:30  INFO 1792 --- [Spring Learn] [restartedMain] .e.DevToolsPropertyDefaultsPostProcessor : Devtools property defaults active! Set 'spring.devtools.add-properties' to 'false' to disable
2026-07-05T20:27:06.443+05:30  INFO 1792 --- [Spring Learn] [restartedMain] .e.DevToolsPropertyDefaultsPostProcessor : For additional web related logging consider setting the 'logging.level.web' property to 'DEBUG'
2026-07-05T20:27:06.904+05:30  INFO 1792 --- [Spring Learn] [restartedMain] .s.d.r.c.RepositoryConfigurationDelegate : Bootstrapping Spring Data JPA repositories in DEFAULT mode.
2026-07-05T20:27:06.927+05:30  INFO 1792 --- [Spring Learn] [restartedMain] .s.d.r.c.RepositoryConfigurationDelegate : Finished Spring Data repository scanning in 10 ms. Found 0 JPA repository interfaces.
2026-07-05T20:27:07.355+05:30  INFO 1792 --- [Spring Learn] [restartedMain] o.s.boot.tomcat.TomcatWebServer          : Tomcat initialized with port 8080 (http)
2026-07-05T20:27:07.369+05:30  INFO 1792 --- [Spring Learn] [restartedMain] o.apache.catalina.core.StandardService   : Starting service [Tomcat]
2026-07-05T20:27:07.371+05:30  INFO 1792 --- [Spring Learn] [restartedMain] o.apache.catalina.core.StandardEngine    : Starting Servlet engine: [Apache Tomcat/11.0.22]
2026-07-05T20:27:07.408+05:30  INFO 1792 --- [Spring Learn] [restartedMain] b.w.c.s.WebApplicationContextInitializer : Root WebApplicationContext: initialization completed in 965 ms
2026-07-05T20:27:07.553+05:30  INFO 1792 --- [Spring Learn] [restartedMain] org.hibernate.orm.jpa                    : HHH008540: Processing PersistenceUnitInfo [name: default]
2026-07-05T20:27:07.614+05:30  INFO 1792 --- [Spring Learn] [restartedMain] org.hibernate.orm.core                   : HHH000001: Hibernate ORM core version 7.4.1.Final
2026-07-05T20:27:08.001+05:30  INFO 1792 --- [Spring Learn] [restartedMain] o.s.o.j.p.SpringPersistenceUnitInfo      : No LoadTimeWeaver setup: ignoring JPA class transformer
2026-07-05T20:27:08.032+05:30  INFO 1792 --- [Spring Learn] [restartedMain] com.zaxxer.hikari.HikariDataSource       : HikariPool-1 - Starting...
2026-07-05T20:27:08.205+05:30  INFO 1792 --- [Spring Learn] [restartedMain] com.zaxxer.hikari.pool.HikariPool        : HikariPool-1 - Added connection conn0: url=jdbc:h2:mem:testdb user=SA
2026-07-05T20:27:08.207+05:30  INFO 1792 --- [Spring Learn] [restartedMain] com.zaxxer.hikari.HikariDataSource       : HikariPool-1 - Start completed.
2026-07-05T20:27:08.233+05:30  WARN 1792 --- [Spring Learn] [restartedMain] org.hibernate.orm.deprecation            : HHH90000025: H2Dialect does not need to be specified explicitly using 'hibernate.dialect' (remove the property setting and it will be selected by default)
2026-07-05T20:27:08.254+05:30  INFO 1792 --- [Spring Learn] [restartedMain] org.hibernate.orm.connections.pooling    : HHH10001005: Database info:
	Database JDBC URL [jdbc:h2:mem:testdb]
	Database driver: H2 JDBC Driver
	Database dialect: H2Dialect
	Database version: 2.4.240
	Default catalog/schema: TESTDB/PUBLIC
	Autocommit mode: undefined/unknown
	Isolation level: READ_COMMITTED [default READ_COMMITTED]
	JDBC fetch size: 100
	Pool: DataSourceConnectionProvider
	Minimum pool size: undefined/unknown
	Maximum pool size: undefined/unknown
2026-07-05T20:27:08.596+05:30  INFO 1792 --- [Spring Learn] [restartedMain] org.hibernate.orm.core                   : HHH000489: No JTA platform available (set 'hibernate.transaction.jta.platform' to enable JTA platform integration)
2026-07-05T20:27:08.619+05:30  INFO 1792 --- [Spring Learn] [restartedMain] j.LocalContainerEntityManagerFactoryBean : Initialized JPA EntityManagerFactory for persistence unit 'default'
2026-07-05T20:27:08.667+05:30  WARN 1792 --- [Spring Learn] [restartedMain] JpaBaseConfiguration$JpaWebConfiguration : spring.jpa.open-in-view is enabled by default. Therefore, database queries may be performed during view rendering. Explicitly configure spring.jpa.open-in-view to disable this warning
2026-07-05T20:27:08.909+05:30  WARN 1792 --- [Spring Learn] [restartedMain] .s.a.UserDetailsServiceAutoConfiguration : 

Using generated security password: 0b536ea8-b0a6-4976-8d85-f77620cee71f

This generated password is for development use only. Your security configuration must be updated before running your application in production.

2026-07-05T20:27:08.946+05:30  INFO 1792 --- [Spring Learn] [restartedMain] r$InitializeUserDetailsManagerConfigurer : Global AuthenticationManager configured with UserDetailsService bean with name inMemoryUserDetailsManager
2026-07-05T20:27:09.059+05:30  INFO 1792 --- [Spring Learn] [restartedMain] o.s.b.h.a.H2ConsoleAutoConfiguration     : H2 console available at '/h2-console'. Database available at 'jdbc:h2:mem:testdb'
2026-07-05T20:27:09.110+05:30  INFO 1792 --- [Spring Learn] [restartedMain] o.s.boot.tomcat.TomcatWebServer          : Tomcat started on port 8080 (http) with context path '/'
2026-07-05T20:27:09.114+05:30  INFO 1792 --- [Spring Learn] [restartedMain] c.c.springlearn.SpringLearnApplication   : Started SpringLearnApplication in 3.098 seconds (process running for 3.517)
2026-07-05T20:27:09.117+05:30  INFO 1792 --- [Spring Learn] [restartedMain] c.c.springlearn.SpringLearnApplication   : START - displayDate method
2026-07-05T20:27:09.222+05:30 DEBUG 1792 --- [Spring Learn] [restartedMain] c.c.springlearn.SpringLearnApplication   : SimpleDateFormat bean loaded: dd/MM/yyyy
2026-07-05T20:27:09.223+05:30 DEBUG 1792 --- [Spring Learn] [restartedMain] c.c.springlearn.SpringLearnApplication   : Parsed date: Mon Dec 31 00:00:00 IST 2018
2026-07-05T20:27:09.223+05:30  INFO 1792 --- [Spring Learn] [restartedMain] c.c.springlearn.SpringLearnApplication   : Date string '31/12/2018' parsed successfully to: Mon Dec 31 00:00:00 IST 2018
2026-07-05T20:27:09.224+05:30  INFO 1792 --- [Spring Learn] [restartedMain] c.c.springlearn.SpringLearnApplication   : END - displayDate method
2026-07-05T20:27:09.225+05:30  INFO 1792 --- [Spring Learn] [restartedMain] c.c.springlearn.SpringLearnApplication   : END - main method
2026-07-05T20:27:17.840+05:30  INFO 1792 --- [Spring Learn] [http-nio-8080-exec-1] o.a.c.c.C.[Tomcat].[localhost].[/]       : Initializing Spring DispatcherServlet 'dispatcherServlet'
2026-07-05T20:27:17.840+05:30  INFO 1792 --- [Spring Learn] [http-nio-8080-exec-1] o.s.web.servlet.DispatcherServlet        : Initializing Servlet 'dispatcherServlet'
2026-07-05T20:27:17.842+05:30  INFO 1792 --- [Spring Learn] [http-nio-8080-exec-1] o.s.web.servlet.DispatcherServlet        : Completed initialization in 1 ms
2026-07-05T20:27:53.012+05:30  INFO 1792 --- [Spring Learn] [SpringApplicationShutdownHook] o.s.boot.tomcat.GracefulShutdown         : Commencing graceful shutdown. Waiting for active requests to complete
2026-07-05T20:27:53.023+05:30  INFO 1792 --- [Spring Learn] [tomcat-shutdown] o.s.boot.tomcat.GracefulShutdown         : Graceful shutdown complete
2026-07-05T20:27:53.027+05:30  INFO 1792 --- [Spring Learn] [SpringApplicationShutdownHook] j.LocalContainerEntityManagerFactoryBean : Closing JPA EntityManagerFactory for persistence unit 'default'
2026-07-05T20:27:53.035+05:30  WARN 1792 --- [Spring Learn] [SpringApplicationShutdownHook] o.s.b.f.support.DisposableBeanAdapter    : Invocation of destroy method failed on bean with name 'inMemoryDatabaseShutdownExecutor': org.h2.jdbc.JdbcSQLNonTransientConnectionException: Database is already closed (to disable automatic closing at VM shutdown, add ";DB_CLOSE_ON_EXIT=FALSE" to the db URL) [90121-240]
2026-07-05T20:27:53.035+05:30  INFO 1792 --- [Spring Learn] [SpringApplicationShutdownHook] com.zaxxer.hikari.HikariDataSource       : HikariPool-1 - Shutdown initiated...
2026-07-05T20:27:53.037+05:30  INFO 1792 --- [Spring Learn] [SpringApplicationShutdownHook] com.zaxxer.hikari.HikariDataSource       : HikariPool-1 - Shutdown completed.
2026-07-05T20:35:57.562+05:30  INFO 4092 --- [Spring Learn] [restartedMain] c.c.springlearn.SpringLearnApplication   : Starting SpringLearnApplication using Java 21.0.4 with PID 4092 (C:\Users\HP\DeepSkilling-JavaFSE-Angular-React-\Week3-SpringREST-SonarQube\spring-learn\target\classes started by HP in C:\Users\HP\DeepSkilling-JavaFSE-Angular-React-\Week3-SpringREST-SonarQube\spring-learn)
2026-07-05T20:35:57.564+05:30 DEBUG 4092 --- [Spring Learn] [restartedMain] c.c.springlearn.SpringLearnApplication   : Running with Spring Boot v4.1.0, Spring v7.0.8
2026-07-05T20:35:57.565+05:30  INFO 4092 --- [Spring Learn] [restartedMain] c.c.springlearn.SpringLearnApplication   : No active profile set, falling back to 1 default profile: "default"
2026-07-05T20:35:57.609+05:30  INFO 4092 --- [Spring Learn] [restartedMain] .e.DevToolsPropertyDefaultsPostProcessor : Devtools property defaults active! Set 'spring.devtools.add-properties' to 'false' to disable
2026-07-05T20:35:57.610+05:30  INFO 4092 --- [Spring Learn] [restartedMain] .e.DevToolsPropertyDefaultsPostProcessor : For additional web related logging consider setting the 'logging.level.web' property to 'DEBUG'
2026-07-05T20:35:58.076+05:30  INFO 4092 --- [Spring Learn] [restartedMain] .s.d.r.c.RepositoryConfigurationDelegate : Bootstrapping Spring Data JPA repositories in DEFAULT mode.
2026-07-05T20:35:58.095+05:30  INFO 4092 --- [Spring Learn] [restartedMain] .s.d.r.c.RepositoryConfigurationDelegate : Finished Spring Data repository scanning in 10 ms. Found 0 JPA repository interfaces.
2026-07-05T20:35:58.487+05:30  INFO 4092 --- [Spring Learn] [restartedMain] o.s.boot.tomcat.TomcatWebServer          : Tomcat initialized with port 8080 (http)
2026-07-05T20:35:58.501+05:30  INFO 4092 --- [Spring Learn] [restartedMain] o.apache.catalina.core.StandardService   : Starting service [Tomcat]
2026-07-05T20:35:58.502+05:30  INFO 4092 --- [Spring Learn] [restartedMain] o.apache.catalina.core.StandardEngine    : Starting Servlet engine: [Apache Tomcat/11.0.22]
2026-07-05T20:35:58.541+05:30  INFO 4092 --- [Spring Learn] [restartedMain] b.w.c.s.WebApplicationContextInitializer : Root WebApplicationContext: initialization completed in 931 ms
2026-07-05T20:35:58.695+05:30  INFO 4092 --- [Spring Learn] [restartedMain] org.hibernate.orm.jpa                    : HHH008540: Processing PersistenceUnitInfo [name: default]
2026-07-05T20:35:58.759+05:30  INFO 4092 --- [Spring Learn] [restartedMain] org.hibernate.orm.core                   : HHH000001: Hibernate ORM core version 7.4.1.Final
2026-07-05T20:35:59.125+05:30  INFO 4092 --- [Spring Learn] [restartedMain] o.s.o.j.p.SpringPersistenceUnitInfo      : No LoadTimeWeaver setup: ignoring JPA class transformer
2026-07-05T20:35:59.159+05:30  INFO 4092 --- [Spring Learn] [restartedMain] com.zaxxer.hikari.HikariDataSource       : HikariPool-1 - Starting...
2026-07-05T20:35:59.316+05:30  INFO 4092 --- [Spring Learn] [restartedMain] com.zaxxer.hikari.pool.HikariPool        : HikariPool-1 - Added connection conn0: url=jdbc:h2:mem:testdb user=SA
2026-07-05T20:35:59.317+05:30  INFO 4092 --- [Spring Learn] [restartedMain] com.zaxxer.hikari.HikariDataSource       : HikariPool-1 - Start completed.
2026-07-05T20:35:59.340+05:30  WARN 4092 --- [Spring Learn] [restartedMain] org.hibernate.orm.deprecation            : HHH90000025: H2Dialect does not need to be specified explicitly using 'hibernate.dialect' (remove the property setting and it will be selected by default)
2026-07-05T20:35:59.360+05:30  INFO 4092 --- [Spring Learn] [restartedMain] org.hibernate.orm.connections.pooling    : HHH10001005: Database info:
	Database JDBC URL [jdbc:h2:mem:testdb]
	Database driver: H2 JDBC Driver
	Database dialect: H2Dialect
	Database version: 2.4.240
	Default catalog/schema: TESTDB/PUBLIC
	Autocommit mode: undefined/unknown
	Isolation level: READ_COMMITTED [default READ_COMMITTED]
	JDBC fetch size: 100
	Pool: DataSourceConnectionProvider
	Minimum pool size: undefined/unknown
	Maximum pool size: undefined/unknown
2026-07-05T20:35:59.706+05:30  INFO 4092 --- [Spring Learn] [restartedMain] org.hibernate.orm.core                   : HHH000489: No JTA platform available (set 'hibernate.transaction.jta.platform' to enable JTA platform integration)
2026-07-05T20:35:59.729+05:30  INFO 4092 --- [Spring Learn] [restartedMain] j.LocalContainerEntityManagerFactoryBean : Initialized JPA EntityManagerFactory for persistence unit 'default'
2026-07-05T20:35:59.775+05:30  WARN 4092 --- [Spring Learn] [restartedMain] JpaBaseConfiguration$JpaWebConfiguration : spring.jpa.open-in-view is enabled by default. Therefore, database queries may be performed during view rendering. Explicitly configure spring.jpa.open-in-view to disable this warning
2026-07-05T20:35:59.997+05:30  WARN 4092 --- [Spring Learn] [restartedMain] .s.a.UserDetailsServiceAutoConfiguration : 

Using generated security password: cff711d9-cdde-481f-8d29-8393209ddd1f

This generated password is for development use only. Your security configuration must be updated before running your application in production.

2026-07-05T20:36:00.034+05:30  INFO 4092 --- [Spring Learn] [restartedMain] r$InitializeUserDetailsManagerConfigurer : Global AuthenticationManager configured with UserDetailsService bean with name inMemoryUserDetailsManager
2026-07-05T20:36:00.138+05:30  INFO 4092 --- [Spring Learn] [restartedMain] o.s.b.h.a.H2ConsoleAutoConfiguration     : H2 console available at '/h2-console'. Database available at 'jdbc:h2:mem:testdb'
2026-07-05T20:36:00.186+05:30  INFO 4092 --- [Spring Learn] [restartedMain] o.s.boot.tomcat.TomcatWebServer          : Tomcat started on port 8080 (http) with context path '/'
2026-07-05T20:36:00.191+05:30  INFO 4092 --- [Spring Learn] [restartedMain] c.c.springlearn.SpringLearnApplication   : Started SpringLearnApplication in 3.007 seconds (process running for 3.35)
2026-07-05T20:36:00.192+05:30  INFO 4092 --- [Spring Learn] [restartedMain] c.c.springlearn.SpringLearnApplication   : START - displayDate method
2026-07-05T20:36:00.304+05:30 DEBUG 4092 --- [Spring Learn] [restartedMain] c.c.springlearn.SpringLearnApplication   : SimpleDateFormat bean loaded: dd/MM/yyyy
2026-07-05T20:36:00.305+05:30 DEBUG 4092 --- [Spring Learn] [restartedMain] c.c.springlearn.SpringLearnApplication   : Parsed date: Mon Dec 31 00:00:00 IST 2018
2026-07-05T20:36:00.305+05:30  INFO 4092 --- [Spring Learn] [restartedMain] c.c.springlearn.SpringLearnApplication   : Date string '31/12/2018' parsed successfully to: Mon Dec 31 00:00:00 IST 2018
2026-07-05T20:36:00.306+05:30  INFO 4092 --- [Spring Learn] [restartedMain] c.c.springlearn.SpringLearnApplication   : END - displayDate method
2026-07-05T20:36:00.307+05:30  INFO 4092 --- [Spring Learn] [restartedMain] c.c.springlearn.SpringLearnApplication   : END - main method
2026-07-05T20:37:57.182+05:30  INFO 4092 --- [Spring Learn] [SpringApplicationShutdownHook] o.s.boot.tomcat.GracefulShutdown         : Commencing graceful shutdown. Waiting for active requests to complete
2026-07-05T20:37:57.212+05:30  INFO 4092 --- [Spring Learn] [tomcat-shutdown] o.s.boot.tomcat.GracefulShutdown         : Graceful shutdown complete
2026-07-05T20:37:57.215+05:30  INFO 4092 --- [Spring Learn] [SpringApplicationShutdownHook] j.LocalContainerEntityManagerFactoryBean : Closing JPA EntityManagerFactory for persistence unit 'default'
2026-07-05T20:37:57.221+05:30  WARN 4092 --- [Spring Learn] [SpringApplicationShutdownHook] o.s.b.f.support.DisposableBeanAdapter    : Invocation of destroy method failed on bean with name 'inMemoryDatabaseShutdownExecutor': org.h2.jdbc.JdbcSQLNonTransientConnectionException: Database is already closed (to disable automatic closing at VM shutdown, add ";DB_CLOSE_ON_EXIT=FALSE" to the db URL) [90121-240]
2026-07-05T20:37:57.222+05:30  INFO 4092 --- [Spring Learn] [SpringApplicationShutdownHook] com.zaxxer.hikari.HikariDataSource       : HikariPool-1 - Shutdown initiated...
2026-07-05T20:37:57.224+05:30  INFO 4092 --- [Spring Learn] [SpringApplicationShutdownHook] com.zaxxer.hikari.HikariDataSource       : HikariPool-1 - Shutdown completed.
